2026-07-29 11:12:45,992 [INFO] === 상태 초기화 (과거 픽 이력 복원) ===
2026-07-29 11:12:46,176 [INFO]   2026-06-05 복원 완료
2026-07-29 11:12:46,197 [INFO]   2026-06-12 복원 완료
2026-07-29 11:12:46,217 [INFO]   2026-06-19 복원 완료
2026-07-29 11:12:46,242 [INFO]   2026-06-26 복원 완료
2026-07-29 11:12:46,260 [INFO]   2026-07-03 복원 완료
2026-07-29 11:12:46,281 [INFO]   2026-07-10 복원 완료
2026-07-29 11:12:46,299 [INFO]   2026-07-17 복원 완료
2026-07-29 11:12:46,321 [INFO]   2026-07-24 복원 완료
2026-07-29 11:12:46,321 [INFO]   2026-07-31 — HTML 없음, 건너뜀
2026-07-29 11:12:46,326 [INFO] 픽 이력 8주 저장 | KR 10종목 | US 7종목
2026-07-29 14:52:00,047 [INFO] === 자동 발행 시작: 2026-07-29 ===
2026-07-29 14:52:00,048 [INFO] 오늘(2026-07-29)은 금요일이 아님 — 가장 최근 금요일 2026-07-24 기준으로 실행
2026-07-29 14:52:00,050 [INFO] 주간 2026-07-24 — 이미 존재, 건너뜀 (--force 로 재생성)
2026-07-29 14:52:00,054 [INFO] index.html 재빌드 (8주간 + 2월간)
2026-07-29 14:52:00,054 [INFO] === 완료: 1개 파일 생성 ===
2026-07-29 14:52:00,054 [INFO]   → weekly_2026-07-24.html
2026-07-29 14:52:16,026 [INFO] === 자동 발행 시작: 2026-07-29 ===
2026-07-29 14:52:16,026 [INFO] 오늘(2026-07-29)은 금요일이 아님 — 가장 최근 금요일 2026-07-24 기준으로 실행
2026-07-29 14:52:16,026 [INFO] 주간 2026-07-24 — 이미 존재, 건너뜀 (--force 로 재생성)
2026-07-29 14:52:16,030 [INFO] index.html 재빌드 (8주간 + 2월간)
2026-07-29 14:52:16,030 [INFO] === 완료: 1개 파일 생성 ===
2026-07-29 14:52:16,030 [INFO]   → weekly_2026-07-24.html
2026-07-31 18:00:01,423 [INFO] === 자동 발행 시작: 2026-07-31 ===
2026-07-31 18:00:01,425 [INFO] 주간 2026-07-31 리포트 생성 중...
2026-07-31 18:00:01,688 [INFO] 주간 2026-07-31 완료 | KR:11 US:7 | 매도: ['기업은행', 'CJ제일제당', 'KT', 'LG유플러스', '삼성전자', 'NVDA']
2026-07-31 18:00:01,689 [INFO] index.html 재빌드 (9주간 + 2월간)
2026-07-31 18:00:01,689 [INFO] === 완료: 1개 파일 생성 ===
2026-07-31 18:00:01,689 [INFO]   → weekly_2026-07-31.html
